../Core/Src/fatfs_sd.c:24:13:SD_CS_High	8	static
../Core/Src/fatfs_sd.c:25:13:SD_CS_Low	8	static
../Core/Src/fatfs_sd.c:27:16:SPI_TxRxByte	32	static
../Core/Src/fatfs_sd.c:36:16:SPI_RxByte	8	static
../Core/Src/fatfs_sd.c:41:13:SPI_TxByte	16	static
../Core/Src/fatfs_sd.c:47:16:SD_SendCmd	24	static
../Core/Src/fatfs_sd.c:74:9:SD_disk_initialize	40	static
../Core/Src/fatfs_sd.c:195:9:SD_disk_status	16	static
../Core/Src/fatfs_sd.c:200:9:SD_disk_read	40	static
../Core/Src/fatfs_sd.c:219:9:SD_disk_write	32	static
../Core/Src/fatfs_sd.c:242:9:SD_disk_ioctl	16	static
