../Core/Src/main.c:89:5:main	184	static
../Core/Src/main.c:220:6:SystemClock_Config	88	static
../Core/Src/main.c:268:13:MX_ADC1_Init	24	static
../Core/Src/main.c:320:13:MX_I2C1_Init	8	static
../Core/Src/main.c:354:13:MX_RTC_Init	32	static
../Core/Src/main.c:409:13:MX_TIM1_Init	32	static
../Core/Src/main.c:455:13:MX_USART2_UART_Init	8	static
../Core/Src/main.c:487:13:MX_DMA_Init	16	static
../Core/Src/main.c:508:13:MX_GPIO_Init	48	static
../Core/Src/main.c:599:6:HAL_GPIO_EXTI_Callback	16	static
../Core/Src/main.c:617:6:HAL_UART_ErrorCallback	16	static
../Core/Src/main.c:634:6:Error_Handler	4	static,ignoring_inline_asm
