../Core/Src/menu.c:10:13:format_line	80	static
../Core/Src/menu.c:33:6:display_default_page	32	static
../Core/Src/menu.c:44:6:display_entry_page	32	static
../Core/Src/menu.c:55:6:display_diagnostics_page	32	static
../Core/Src/menu.c:67:6:display_1_1	80	static
../Core/Src/menu.c:84:6:display_1_2	80	static
../Core/Src/menu.c:101:6:display_1_3	80	static
../Core/Src/menu.c:117:6:display_1_4	72	static
../Core/Src/menu.c:133:6:display_1_5	56	static
../Core/Src/menu.c:147:6:display_2_1	48	static
../Core/Src/menu.c:159:6:display_2_2	48	static
../Core/Src/menu.c:171:6:display_2_3	16	static
../Core/Src/menu.c:182:6:display_3_1	40	static
../Core/Src/menu.c:195:6:display_3_2	40	static
../Core/Src/menu.c:208:6:display_3_3	40	static
../Core/Src/menu.c:221:6:display_3_4	40	static
../Core/Src/menu.c:235:6:display_warn_unsafe_driving	40	static
../Core/Src/menu.c:246:6:display_warn_impact	40	static
../Core/Src/menu.c:257:6:display_warn_low_light	32	static
../Core/Src/menu.c:268:6:display_warn_proximity	40	static
../Core/Src/menu.c:279:6:display_warn_high_temp	40	static
