../Core/Src/main.c:87:5:main	16	static
../Core/Src/main.c:155:6:SystemClock_Config	88	static
../Core/Src/main.c:203:13:MX_ADC1_Init	24	static
../Core/Src/main.c:255:13:MX_I2C1_Init	8	static
../Core/Src/main.c:289:13:MX_RTC_Init	32	static
../Core/Src/main.c:344:13:MX_TIM1_Init	32	static
../Core/Src/main.c:390:13:MX_USART2_UART_Init	8	static
../Core/Src/main.c:422:13:MX_DMA_Init	16	static
../Core/Src/main.c:443:13:MX_GPIO_Init	48	static
../Core/Src/main.c:534:6:HAL_GPIO_EXTI_Callback	16	static
../Core/Src/main.c:551:6:HAL_UART_ErrorCallback	16	static
../Core/Src/main.c:568:6:Error_Handler	4	static,ignoring_inline_asm
