../Core/Src/ssd1306.c:8:6:ssd1306_Reset	4	static
../Core/Src/ssd1306.c:11:6:ssd1306_I2C_Recover	8	static
../Core/Src/ssd1306.c:17:6:ssd1306_WriteCommand	32	static
../Core/Src/ssd1306.c:32:6:ssd1306_WriteData	32	static
../Core/Src/ssd1306.c:88:17:ssd1306_FillBuffer	24	static
../Core/Src/ssd1306.c:98:6:ssd1306_Init	8	static
../Core/Src/ssd1306.c:200:6:ssd1306_Fill	16	static
../Core/Src/ssd1306.c:205:6:ssd1306_UpdateScreen	16	static
../Core/Src/ssd1306.c:226:6:ssd1306_DrawPixel	16	static
../Core/Src/ssd1306.c:246:6:ssd1306_WriteChar	48	static
../Core/Src/ssd1306.c:283:6:ssd1306_WriteString	32	static
../Core/Src/ssd1306.c:297:6:ssd1306_SetCursor	16	static
../Core/Src/ssd1306.c:303:6:ssd1306_Line	48	static
../Core/Src/ssd1306.c:330:6:ssd1306_Polyline	40	static
../Core/Src/ssd1306.c:344:14:ssd1306_DegToRad	16	static
../Core/Src/ssd1306.c:349:17:ssd1306_NormalizeTo0_360	24	static
../Core/Src/ssd1306.c:365:6:ssd1306_DrawArc	64	static
../Core/Src/ssd1306.c:405:6:ssd1306_DrawArcWithRadiusLine	72	static
../Core/Src/ssd1306.c:448:6:ssd1306_DrawCircle	40	static
../Core/Src/ssd1306.c:483:6:ssd1306_FillCircle	48	static
../Core/Src/ssd1306.c:519:6:ssd1306_DrawRectangle	32	static
../Core/Src/ssd1306.c:529:6:ssd1306_FillRectangle	32	static
../Core/Src/ssd1306.c:543:17:ssd1306_InvertRectangle	32	static
../Core/Src/ssd1306.c:574:6:ssd1306_DrawBitmap	24	static
../Core/Src/ssd1306.c:598:6:ssd1306_SetContrast	24	static
../Core/Src/ssd1306.c:604:6:ssd1306_SetDisplayOn	24	static
../Core/Src/ssd1306.c:616:9:ssd1306_GetDisplayOn	4	static
